[
  [
    "packages/angular_devkit/build_angular/src/tools/esbuild/bundler-context.ts",
    "packages/angular_devkit/build_angular/src/tools/esbuild/utils.ts"
  ],
  [
    "packages/angular_devkit/build_angular/src/tools/esbuild/bundler-execution-result.ts",
    "packages/angular_devkit/build_angular/src/tools/esbuild/utils.ts"
  ],
  [
    "packages/angular_devkit/build_angular/src/tools/webpack/utils/stats.ts",
    "packages/angular_devkit/build_angular/src/utils/bundle-calculator.ts"
  ],
  [
    "packages/angular/cli/src/analytics/analytics-collector.ts",
    "packages/angular/cli/src/command-builder/command-module.ts"
  ],
  [
    "packages/angular/cli/src/analytics/analytics.ts",
    "packages/angular/cli/src/command-builder/command-module.ts"
  ]
]
